Generating news for 2026年07月20日
============================================================
  Generating image 01...
  [RETRY] Image 01: argument should be a bytes-like object or ASCII string, not 'list'
  Generating image 01...
  [RETRY] Image 01: argument should be a bytes-like object or ASCII string, not 'list'
  Generating image 01...
  [RETRY] Image 01: argument should be a bytes-like object or ASCII string, not 'list'
  [FAIL] Image 01 failed after 3 retries
  Generating image 02...
  [RETRY] Image 02: argument should be a bytes-like object or ASCII string, not 'list'
  Generating image 02...
  [RETRY] Image 02: argument should be a bytes-like object or ASCII string, not 'list'
  Generating image 02...
  [RETRY] Image 02: argument should be a bytes-like object or ASCII string, not 'list'
  [FAIL] Image 02 failed after 3 retries
  Generating image 03...
  [RETRY] Image 03: argument should be a bytes-like object or ASCII string, not 'list'
  Generating image 03...
  [RETRY] Image 03: argument should be a bytes-like object or ASCII string, not 'list'
  Generating image 03...
  [RETRY] Image 03: argument should be a bytes-like object or ASCII string, not 'list'
  [FAIL] Image 03 failed after 3 retries
  Generating image 04...
  [RETRY] Image 04: 400 Client Error: Bad Request for url: https://open.bigmodel.cn/api/paas/v4/chat/completions
  Generating image 04...
  [RETRY] Image 04: 400 Client Error: Bad Request for url: https://open.bigmodel.cn/api/paas/v4/chat/completions
  Generating image 04...
  [RETRY] Image 04: 400 Client Error: Bad Request for url: https://open.bigmodel.cn/api/paas/v4/chat/completions
  [FAIL] Image 04 failed after 3 retries
  Generating image 05...
  [RETRY] Image 05: 400 Client Error: Bad Request for url: https://open.bigmodel.cn/api/paas/v4/chat/completions
  Generating image 05...
  [RETRY] Image 05: 400 Client Error: Bad Request for url: https://open.bigmodel.cn/api/paas/v4/chat/completions
  Generating image 05...
  [RETRY] Image 05: 400 Client Error: Bad Request for url: https://open.bigmodel.cn/api/paas/v4/chat/completions
  [FAIL] Image 05 failed after 3 retries
  Generating image 06...
  [RETRY] Image 06: argument should be a bytes-like object or ASCII string, not 'list'
  Generating image 06...
  [RETRY] Image 06: argument should be a bytes-like object or ASCII string, not 'list'
  Generating image 06...
  [RETRY] Image 06: argument should be a bytes-like object or ASCII string, not 'list'
