Generating news for 2026年07月20日
============================================================
  Generating image 01...
  [OK] Saved news_20260720_01.png (179481 bytes)
  Generating image 02...
  [OK] Saved news_20260720_02.png (200744 bytes)
  Generating image 03...
  [OK] Saved news_20260720_03.png (127475 bytes)
  Generating image 04...
  [RETRY] Image 04: 400 Client Error: Bad Request for url: https://open.bigmodel.cn/api/paas/v4/chat/completions
  Generating image 04...
  [RETRY] Image 04: 400 Client Error: Bad Request for url: https://open.bigmodel.cn/api/paas/v4/chat/completions
  Generating image 04...
  [RETRY] Image 04: 400 Client Error: Bad Request for url: https://open.bigmodel.cn/api/paas/v4/chat/completions
  [FAIL] Image 04 failed after 3 retries
  Generating image 05...
  [RETRY] Image 05: 400 Client Error: Bad Request for url: https://open.bigmodel.cn/api/paas/v4/chat/completions
  Generating image 05...
  [RETRY] Image 05: 400 Client Error: Bad Request for url: https://open.bigmodel.cn/api/paas/v4/chat/completions
  Generating image 05...
  [RETRY] Image 05: 400 Client Error: Bad Request for url: https://open.bigmodel.cn/api/paas/v4/chat/completions
  [FAIL] Image 05 failed after 3 retries
  Generating image 06...
  [OK] Saved news_20260720_06.png (215747 bytes)
  Generating image 07...
  [OK] Saved news_20260720_07.png (161452 bytes)
  Generating image 08...
  [OK] Saved news_20260720_08.png (117320 bytes)
  Generating image 09...
  [OK] Saved news_20260720_09.png (114557 bytes)
  Generating image 10...
  [OK] Saved news_20260720_10.png (122076 bytes)
  Generating image 11...
  [OK] Saved news_20260720_11.png (77570 bytes)
  Generating image 12...
  [RETRY] Image 12: 400 Client Error: Bad Request for url: https://open.bigmodel.cn/api/paas/v4/chat/completions
  Generating image 12...
  [OK] Saved news_20260720_12.png (160254 bytes)
  Generating image 13...
  [OK] Saved news_20260720_13.png (136364 bytes)
  Generating image 14...
  [OK] Saved news_20260720_14.png (173419 bytes)
  Generating image 15...
  [OK] Saved news_20260720_15.png (77453 bytes)
  Generating image 16...
  [OK] Saved news_20260720_16.png (137260 bytes)
  Generating image 17...
  [OK] Saved news_20260720_17.png (177987 bytes)
  Generating image 18...
  [OK] Saved news_20260720_18.png (145701 bytes)
  Generating image 19...
  [OK] Saved news_20260720_19.png (152241 bytes)
  Generating image 20...
  [OK] Saved news_20260720_20.png (216159 bytes)

Images generated: 18/20
Now updating index.html...
index.html updated!
News data saved to /home/swg/.openclaw/workspace/news-blog/news_data_20260720.json

============================================================
Done!
